// Vitest Snapshot v1, https://vitest.dev/guide/snapshot.html

exports[`the API surface > is unchanged by the module split 1`] = `
[
  "POST /session",
  "POST /session/guest",
  "DELETE /session",
  "POST /billing/webhook",
  "GET /catalogue",
  "GET /me",
  "GET /books/library",
  "GET /books/library",
  "GET /books/:id/detail",
  "GET /books/:id/detail",
  "GET /books/:id/media",
  "GET /books/:id/media",
  "POST /books/:id/media",
  "POST /books/:id/media",
  "PATCH /books/:id/media/:mediaId",
  "PATCH /books/:id/media/:mediaId",
  "DELETE /books/:id/media/:mediaId",
  "DELETE /books/:id/media/:mediaId",
  "GET /authors",
  "GET /authors",
  "GET /authors/:id",
  "GET /authors/:id",
  "POST /authors",
  "POST /authors",
  "PATCH /authors/:id",
  "PATCH /authors/:id",
  "DELETE /authors/:id",
  "DELETE /authors/:id",
  "GET /authors/:id/books",
  "GET /authors/:id/books",
  "GET /documents/:id",
  "GET /documents/:id",
  "GET /documents/:id/pages",
  "GET /documents/:id/pages",
  "GET /documents/:id/pages",
  "POST /upload/pdf",
  "POST /upload/pdf",
  "POST /upload/cover",
  "POST /upload/cover",
  "POST /upload/book-media",
  "POST /upload/book-media",
  "GET /books",
  "GET /books",
  "GET /books/:id",
  "GET /books/:id",
  "POST /books",
  "POST /books",
  "PATCH /books/:id",
  "PATCH /books/:id",
  "DELETE /books/:id",
  "DELETE /books/:id",
  "POST /upload/essay-image",
  "POST /upload/essay-image",
  "PATCH /essay-images/:id",
  "PATCH /essay-images/:id",
  "DELETE /essay-images/:id",
  "DELETE /essay-images/:id",
  "GET /thoughts",
  "GET /thoughts",
  "GET /thoughts/moods",
  "GET /thoughts/moods",
  "GET /thoughts/moods/suggestions",
  "GET /thoughts/moods/suggestions",
  "GET /thoughts/network",
  "GET /thoughts/network",
  "POST /thoughts",
  "POST /thoughts",
  "GET /thoughts/:id/similar",
  "GET /thoughts/:id/similar",
  "DELETE /thoughts/:id",
  "DELETE /thoughts/:id",
  "PATCH /thoughts/:id",
  "PATCH /thoughts/:id",
  "PATCH /thoughts/:id/position",
  "PATCH /thoughts/:id/position",
  "GET /notes",
  "GET /notes",
  "GET /notes/facets",
  "GET /notes/facets",
  "GET /notes/shuffle",
  "GET /notes/shuffle",
  "GET /notes/:id",
  "GET /notes/:id",
  "POST /notes",
  "POST /notes",
  "PATCH /notes/:id",
  "PATCH /notes/:id",
  "DELETE /notes/:id",
  "DELETE /notes/:id",
  "GET /quotes",
  "GET /quotes",
  "GET /quotes/:id",
  "GET /quotes/:id",
  "POST /quotes",
  "POST /quotes",
  "PATCH /quotes/:id",
  "PATCH /quotes/:id",
  "DELETE /quotes/:id",
  "DELETE /quotes/:id",
  "GET /media",
  "GET /media",
  "GET /media/:id",
  "GET /media/:id",
  "POST /media",
  "POST /media",
  "PATCH /media/:id",
  "PATCH /media/:id",
  "DELETE /media/:id",
  "DELETE /media/:id",
  "GET /links",
  "GET /links",
  "GET /links/:id",
  "GET /links/:id",
  "POST /links",
  "POST /links",
  "PATCH /links/:id",
  "PATCH /links/:id",
  "DELETE /links/:id",
  "DELETE /links/:id",
  "GET /sleep",
  "GET /sleep",
  "GET /sleep/:id",
  "GET /sleep/:id",
  "POST /sleep",
  "POST /sleep",
  "DELETE /sleep/:id",
  "DELETE /sleep/:id",
  "GET /connections",
  "GET /connections",
  "GET /connections/for-entities",
  "GET /connections/for-entities",
  "POST /connections",
  "POST /connections",
  "DELETE /connections/:id",
  "DELETE /connections/:id",
  "GET /threads",
  "GET /threads",
  "GET /threads/for-entity",
  "GET /threads/for-entity",
  "GET /threads/for-entities",
  "GET /threads/for-entities",
  "GET /threads/:id",
  "GET /threads/:id",
  "POST /threads",
  "POST /threads",
  "PATCH /threads/:id",
  "PATCH /threads/:id",
  "DELETE /threads/:id",
  "DELETE /threads/:id",
  "POST /threads/:id/items",
  "POST /threads/:id/items",
  "DELETE /threads/:id/items/:itemId",
  "DELETE /threads/:id/items/:itemId",
  "PUT /threads/:id/items/reorder",
  "PUT /threads/:id/items/reorder",
  "GET /essays",
  "GET /essays",
  "GET /essays/:id",
  "GET /essays/:id",
  "GET /essays/:id/versions",
  "GET /essays/:id/versions",
  "POST /essays",
  "POST /essays",
  "PATCH /essays/:id",
  "PATCH /essays/:id",
  "DELETE /essays/:id",
  "DELETE /essays/:id",
  "GET /models",
  "GET /conversations",
  "POST /conversations",
  "GET /conversations/:id",
  "PATCH /conversations/:id",
  "DELETE /conversations/:id",
  "POST /conversations/:id/chat",
  "GET /plans",
  "GET /cited/:document_id/pages",
  "GET /cited/:document_id/pages/:page_no/scan",
  "GET /billing",
  "POST /billing/checkout",
  "POST /billing/portal",
  "POST /files/sign",
  "POST /files/sign",
  "POST /files/sign",
  "GET /files/*",
  "GET /api/files/*",
  "GET /audit/access-violations",
  "GET /audit/access-violations",
  "GET /auth/debug",
]
`;
